// Jest Snapshot v1, https://goo.gl/fbAQLP

exports[`NewKin should match snapshot 1`] = `
<DocumentFragment>
  <div
    style="display: flex; flex-wrap: wrap; width: 100%; align-items: flex-start;"
  >
    <h3
      style="border: 5px solid #282c34; width: 100%; height: 30px; color: white; margin: 10px 0px 20px 0px; text-align: center; background-color: rgb(0, 123, 255);"
    >
      Nueva cultura
    </h3>
    <form
      id="kinForm"
      style="width: 100%;"
    >
      <label
        style="color: white; width: 20%; text-align: right; padding-right: 10px; margin-bottom: 5px;"
      >
        Nombre:
      </label>
      <input
        id="kinNameForm"
        maxlength="100"
        name="name"
        style="width: calc(100% - 0px); margin-bottom: 10px; box-sizing: border-box; background-color: lightgrey;"
        type="text"
        value=""
      />
      <label
        style="color: white; width: 20%; text-align: right; padding-right: 10px; margin-bottom: 5px;"
      >
        Descripci√≥n:
      </label>
      <textarea
        id="kinDescriptionForm"
        maxlength="1000"
        name="description"
        style="width: calc(100% - 0px); margin-bottom: 10px; box-sizing: border-box; background-color: lightgrey; resize: vertical;"
      />
      <label
        style="color: white; width: 20%; text-align: right; padding-right: 10px; margin-bottom: 5px;"
      >
        Color:
      </label>
      <input
        id="kinColorForm"
        name="color"
        style="width: calc(100% - 0px); margin-bottom: 10px; box-sizing: border-box; background-color: lightgrey;"
        type="color"
        value="#000000"
      />
      <button
        style="width: calc(50% - 0px); margin-top: 15px; box-sizing: border-box; color: white; cursor: pointer; background-color: red; font-weight: bold;"
        type="button"
      >
        Cancelar
      </button>
      <button
        id="submitKinButton"
        style="width: calc(50% - 0px); margin-top: 15px; box-sizing: border-box; color: white; cursor: pointer; background-color: rgb(0, 123, 255); font-weight: bold;"
        type="submit"
      >
        Confirmar
      </button>
      <span
        id="formError"
        style="width: 100%; text-align: center; color: red; font-size: 15px;"
      />
    </form>
  </div>
</DocumentFragment>
`;
